node.exe : 
At C:\Program 
Files\nodejs\npx.ps1:29 
char:3
+   & $NODE_EXE $NPX_CLI_JS 
$args
+   
~~~~~~~~~~~~~~~~~~~~~~~~~~~~~
    + CategoryInfo           
   : NotSpecified: (:String  
  ) [], RemoteException
    + FullyQualifiedErrorId  
   : NativeCommandError
 
ΓÄ»ΓÄ»ΓÄ»ΓÄ»ΓÄ»ΓÄ»ΓÄ» 
Startup Error 
ΓÄ»ΓÄ»ΓÄ»ΓÄ»ΓÄ»ΓÄ»ΓÄ»ΓÄ»
Error: Failed to load custom 
Reporter from basic
    at 
loadCustomReporterModule (fil
e:///C:/Users/samue/OneDrive/
Desktop/Miniproyecto%20I/fron
tend/node_modules/vitest/dist
/chunks/cli-api.DuT9iuvY.js:1
1317:9)
    at file:///C:/Users/samue
/OneDrive/Desktop/Miniproyect
o%20I/frontend/node_modules/v
itest/dist/chunks/cli-api.DuT
9iuvY.js:11333:23
    ... 3 lines matching 
cause stack trace ...
    at _createServer (file://
/C:/Users/samue/OneDrive/Desk
top/Miniproyecto%20I/frontend
/node_modules/vite/dist/node/
chunks/config.js:25603:86)
    at createViteServer (file
:///C:/Users/samue/OneDrive/D
esktop/Miniproyecto%20I/front
end/node_modules/vitest/dist/
chunks/cli-api.DuT9iuvY.js:88
25:17)
    at createVitest (file:///
C:/Users/samue/OneDrive/Deskt
op/Miniproyecto%20I/frontend/
node_modules/vitest/dist/chun
ks/cli-api.DuT9iuvY.js:14047:
18)
    at prepareVitest (file://
/C:/Users/samue/OneDrive/Desk
top/Miniproyecto%20I/frontend
/node_modules/vitest/dist/chu
nks/cli-api.DuT9iuvY.js:14414
:14)
    at startVitest (file:///C
:/Users/samue/OneDrive/Deskto
p/Miniproyecto%20I/frontend/n
ode_modules/vitest/dist/chunk
s/cli-api.DuT9iuvY.js:14357:1
4) {
  [cause]: Error: Failed to 
load url basic (resolved id: 
basic). Does the file exist?
      at reviveInvokeError (f
ile:///C:/Users/samue/OneDriv
e/Desktop/Miniproyecto%20I/fr
ontend/node_modules/vite/dist
/node/module-runner.js:475:14
)
      at Object.invoke (file:
///C:/Users/samue/OneDrive/De
sktop/Miniproyecto%20I/fronte
nd/node_modules/vite/dist/nod
e/module-runner.js:491:33)
      at ServerModuleRunner.g
etModuleInformation (file:///
C:/Users/samue/OneDrive/Deskt
op/Miniproyecto%20I/frontend/
node_modules/vite/dist/node/m
odule-runner.js:1086:7)
      at 
ServerModuleRunner.import (fi
le:///C:/Users/samue/OneDrive
/Desktop/Miniproyecto%20I/fro
ntend/node_modules/vite/dist/
node/module-runner.js:1013:23
)
      at 
loadCustomReporterModule (fil
e:///C:/Users/samue/OneDrive/
Desktop/Miniproyecto%20I/fron
tend/node_modules/vitest/dist
/chunks/cli-api.DuT9iuvY.js:1
1315:26)
      at file:///C:/Users/sam
ue/OneDrive/Desktop/Miniproye
cto%20I/frontend/node_modules
/vitest/dist/chunks/cli-api.D
uT9iuvY.js:11333:23
      at async Promise.all 
(index 0)
      at Vitest._setServer (f
ile:///C:/Users/samue/OneDriv
e/Desktop/Miniproyecto%20I/fr
ontend/node_modules/vitest/di
st/chunks/cli-api.DuT9iuvY.js
:13049:138)
      at BasicMinimalPluginCo
ntext.handler (file:///C:/Use
rs/samue/OneDrive/Desktop/Min
iproyecto%20I/frontend/node_m
odules/vitest/dist/chunks/cli
-api.DuT9iuvY.js:14013:5)
      at _createServer (file:
///C:/Users/samue/OneDrive/De
sktop/Miniproyecto%20I/fronte
nd/node_modules/vite/dist/nod
e/chunks/config.js:25603:86) 
{
    code: 'ERR_LOAD_URL',
    runnerError: Error: 
RunnerError
        at reviveInvokeError 
(file:///C:/Users/samue/OneDr
ive/Desktop/Miniproyecto%20I/
frontend/node_modules/vite/di
st/node/module-runner.js:476:
64)
        at Object.invoke (fil
e:///C:/Users/samue/OneDrive/
Desktop/Miniproyecto%20I/fron
tend/node_modules/vite/dist/n
ode/module-runner.js:491:33)
        at ServerModuleRunner
.getModuleInformation (file:/
//C:/Users/samue/OneDrive/Des
ktop/Miniproyecto%20I/fronten
d/node_modules/vite/dist/node
/module-runner.js:1086:7)
        at 
ServerModuleRunner.import (fi
le:///C:/Users/samue/OneDrive
/Desktop/Miniproyecto%20I/fro
ntend/node_modules/vite/dist/
node/module-runner.js:1013:23
)
        at 
loadCustomReporterModule (fil
e:///C:/Users/samue/OneDrive/
Desktop/Miniproyecto%20I/fron
tend/node_modules/vitest/dist
/chunks/cli-api.DuT9iuvY.js:1
1315:26)
        at file:///C:/Users/s
amue/OneDrive/Desktop/Minipro
yecto%20I/frontend/node_modul
es/vitest/dist/chunks/cli-api
.DuT9iuvY.js:11333:23
        at async Promise.all 
(index 0)
        at Vitest._setServer 
(file:///C:/Users/samue/OneDr
ive/Desktop/Miniproyecto%20I/
frontend/node_modules/vitest/
dist/chunks/cli-api.DuT9iuvY.
js:13049:138)
        at BasicMinimalPlugin
Context.handler (file:///C:/U
sers/samue/OneDrive/Desktop/M
iniproyecto%20I/frontend/node
_modules/vitest/dist/chunks/c
li-api.DuT9iuvY.js:14013:5)
        at _createServer (fil
e:///C:/Users/samue/OneDrive/
Desktop/Miniproyecto%20I/fron
tend/node_modules/vite/dist/n
ode/chunks/config.js:25603:86
)
  }
}



